Archive member included because of file (symbol)

/usr/msp430/lib/libfp.a(fixsfsi.o)
                              display.o (__fixsfsi)
/usr/msp430/lib/libfp.a(floatsisf.o)
                              display.o (__floatsisf)
/usr/msp430/lib/libfp.a(fixunssfsi.o)
                              /usr/msp430/lib/libfp.a(fixsfsi.o) (__fixunssfsi)
/usr/lib/gcc/msp430/4.5.3/libgcc.a(_mulhi3.o)
                              display.o (__mulhi3)
/usr/lib/gcc/msp430/4.5.3/libgcc.a(_udivmodhi4.o)
                              ploc.o (__udivmodhi4)
/usr/lib/gcc/msp430/4.5.3/libgcc.a(_divmodhi4.o)
                              display.o (__divmodhi4)
/usr/lib/gcc/msp430/4.5.3/libcrt0.a(_reset_vector__.o)
                              /usr/lib/gcc/msp430/4.5.3/crt0ivtbl16.o (_reset_vector__)
/usr/lib/gcc/msp430/4.5.3/libcrt0.a(__init_stack.o)
                              /usr/lib/gcc/msp430/4.5.3/libcrt0.a(_reset_vector__.o) (__init_stack)
/usr/lib/gcc/msp430/4.5.3/libcrt0.a(__low_level_init.o)
                              /usr/lib/gcc/msp430/4.5.3/libcrt0.a(_reset_vector__.o) (__low_level_init)
/usr/lib/gcc/msp430/4.5.3/libcrt0.a(_copy_data.o)
                              /usr/lib/gcc/msp430/4.5.3/libcrt0.a(_reset_vector__.o) (__do_copy_data)
/usr/lib/gcc/msp430/4.5.3/libcrt0.a(_clear_bss.o)
                              /usr/lib/gcc/msp430/4.5.3/libcrt0.a(_reset_vector__.o) (__do_clear_bss)
/usr/lib/gcc/msp430/4.5.3/libcrt0.a(__stop_progExec__.o)
                              /usr/lib/gcc/msp430/4.5.3/libcrt0.a(_reset_vector__.o) (__stop_progExec__)
/usr/lib/gcc/msp430/4.5.3/libcrt0.a(_endless_loop__.o)
                              /usr/lib/gcc/msp430/4.5.3/libcrt0.a(_reset_vector__.o) (_endless_loop__)
/usr/lib/gcc/msp430/4.5.3/libcrt0.a(_unexpected_.o)
                              /usr/lib/gcc/msp430/4.5.3/crt0ivtbl16.o (_unexpected_)

Memory Configuration

Name             Origin             Length             Attributes
sfr              0x0000000000000000 0x0000000000000010
peripheral_8bit  0x0000000000000010 0x00000000000000f0
peripheral_16bit 0x0000000000000100 0x0000000000000100
ram              0x0000000000000200 0x0000000000000200 xw
infomem          0x0000000000001000 0x0000000000000100
infod            0x0000000000001000 0x0000000000000040
infoc            0x0000000000001040 0x0000000000000040
infob            0x0000000000001080 0x0000000000000040
infoa            0x00000000000010c0 0x0000000000000040
rom              0x000000000000c000 0x0000000000003fe0 xr
vectors          0x000000000000ffe0 0x0000000000000020
bsl              0x0000000000000000 0x0000000000000000
far_rom          0x0000000000000000 0x0000000000000000
*default*        0x0000000000000000 0xffffffffffffffff

Linker script and memory map

LOAD /usr/lib/gcc/msp430/4.5.3/crt0ivtbl16.o
LOAD adc.o
LOAD base.o
LOAD disp.o
LOAD display.o
LOAD lcd.o
LOAD main.o
LOAD ploc.o
LOAD /usr/msp430/lib/libc.a
LOAD /usr/msp430/lib/libfp.a
LOAD /usr/msp430/lib/libm.a
LOAD /usr/lib/gcc/msp430/4.5.3/libgcc.a
LOAD /usr/msp430/lib/libc.a
LOAD /usr/lib/gcc/msp430/4.5.3/libgcc.a
LOAD /usr/lib/gcc/msp430/4.5.3/libcrt0.a
                0x0000000000000000                __IE1 = 0x0
                0x0000000000000002                __IFG1 = 0x2
                0x0000000000000001                __IE2 = 0x1
                0x0000000000000003                __IFG2 = 0x3
                0x0000000000000048                __ADC10DTC0 = 0x48
                0x0000000000000049                __ADC10DTC1 = 0x49
                0x000000000000004a                __ADC10AE0 = 0x4a
                0x00000000000001b0                __ADC10CTL0 = 0x1b0
                0x00000000000001b2                __ADC10CTL1 = 0x1b2
                0x00000000000001b4                __ADC10MEM = 0x1b4
                0x00000000000001bc                __ADC10SA = 0x1bc
                0x0000000000000056                __DCOCTL = 0x56
                0x0000000000000057                __BCSCTL1 = 0x57
                0x0000000000000058                __BCSCTL2 = 0x58
                0x0000000000000053                __BCSCTL3 = 0x53
                0x0000000000000059                __CACTL1 = 0x59
                0x000000000000005a                __CACTL2 = 0x5a
                0x000000000000005b                __CAPD = 0x5b
                0x0000000000000128                __FCTL1 = 0x128
                0x000000000000012a                __FCTL2 = 0x12a
                0x000000000000012c                __FCTL3 = 0x12c
                0x0000000000000020                __P1IN = 0x20
                0x0000000000000021                __P1OUT = 0x21
                0x0000000000000022                __P1DIR = 0x22
                0x0000000000000023                __P1IFG = 0x23
                0x0000000000000024                __P1IES = 0x24
                0x0000000000000025                __P1IE = 0x25
                0x0000000000000026                __P1SEL = 0x26
                0x0000000000000041                __P1SEL2 = 0x41
                0x0000000000000027                __P1REN = 0x27
                0x0000000000000028                __P2IN = 0x28
                0x0000000000000029                __P2OUT = 0x29
                0x000000000000002a                __P2DIR = 0x2a
                0x000000000000002b                __P2IFG = 0x2b
                0x000000000000002c                __P2IES = 0x2c
                0x000000000000002d                __P2IE = 0x2d
                0x000000000000002e                __P2SEL = 0x2e
                0x0000000000000042                __P2SEL2 = 0x42
                0x000000000000002f                __P2REN = 0x2f
                0x0000000000000018                __P3IN = 0x18
                0x0000000000000019                __P3OUT = 0x19
                0x000000000000001a                __P3DIR = 0x1a
                0x000000000000001b                __P3SEL = 0x1b
                0x0000000000000043                __P3SEL2 = 0x43
                0x0000000000000010                __P3REN = 0x10
                0x000000000000012e                __TA0IV = 0x12e
                0x0000000000000160                __TA0CTL = 0x160
                0x0000000000000162                __TA0CCTL0 = 0x162
                0x0000000000000164                __TA0CCTL1 = 0x164
                0x0000000000000166                __TA0CCTL2 = 0x166
                0x0000000000000170                __TA0R = 0x170
                0x0000000000000172                __TA0CCR0 = 0x172
                0x0000000000000174                __TA0CCR1 = 0x174
                0x0000000000000176                __TA0CCR2 = 0x176
                0x000000000000011e                __TA1IV = 0x11e
                0x0000000000000180                __TA1CTL = 0x180
                0x0000000000000182                __TA1CCTL0 = 0x182
                0x0000000000000184                __TA1CCTL1 = 0x184
                0x0000000000000186                __TA1CCTL2 = 0x186
                0x0000000000000190                __TA1R = 0x190
                0x0000000000000192                __TA1CCR0 = 0x192
                0x0000000000000194                __TA1CCR1 = 0x194
                0x0000000000000196                __TA1CCR2 = 0x196
                0x0000000000000060                __UCA0CTL0 = 0x60
                0x0000000000000061                __UCA0CTL1 = 0x61
                0x0000000000000062                __UCA0BR0 = 0x62
                0x0000000000000063                __UCA0BR1 = 0x63
                0x0000000000000064                __UCA0MCTL = 0x64
                0x0000000000000065                __UCA0STAT = 0x65
                0x0000000000000066                __UCA0RXBUF = 0x66
                0x0000000000000067                __UCA0TXBUF = 0x67
                0x000000000000005d                __UCA0ABCTL = 0x5d
                0x000000000000005e                __UCA0IRTCTL = 0x5e
                0x000000000000005f                __UCA0IRRCTL = 0x5f
                0x0000000000000068                __UCB0CTL0 = 0x68
                0x0000000000000069                __UCB0CTL1 = 0x69
                0x000000000000006a                __UCB0BR0 = 0x6a
                0x000000000000006b                __UCB0BR1 = 0x6b
                0x000000000000006c                __UCB0I2CIE = 0x6c
                0x000000000000006d                __UCB0STAT = 0x6d
                0x000000000000006e                __UCB0RXBUF = 0x6e
                0x000000000000006f                __UCB0TXBUF = 0x6f
                0x0000000000000118                __UCB0I2COA = 0x118
                0x000000000000011a                __UCB0I2CSA = 0x11a
                0x0000000000000120                __WDTCTL = 0x120
                0x00000000000010f8                __CALDCO_16MHZ = 0x10f8
                0x00000000000010f9                __CALBC1_16MHZ = 0x10f9
                0x00000000000010fa                __CALDCO_12MHZ = 0x10fa
                0x00000000000010fb                __CALBC1_12MHZ = 0x10fb
                0x00000000000010fc                __CALDCO_8MHZ = 0x10fc
                0x00000000000010fd                __CALBC1_8MHZ = 0x10fd
                0x00000000000010fe                __CALDCO_1MHZ = 0x10fe
                0x00000000000010ff                __CALBC1_1MHZ = 0x10ff

.hash
 *(.hash)

.dynsym
 *(.dynsym)

.dynstr
 *(.dynstr)

.gnu.version
 *(.gnu.version)

.gnu.version_d
 *(.gnu.version_d)

.gnu.version_r
 *(.gnu.version_r)

.rel.init
 *(.rel.init)

.rela.init
 *(.rela.init)

.rel.text
 *(.rel.text)
 *(.rel.text.*)
 *(.rel.gnu.linkonce.t*)

.rela.text
 *(.rela.text)
 *(.rela.text.*)
 *(.rela.gnu.linkonce.t*)

.rel.fini
 *(.rel.fini)

.rela.fini
 *(.rela.fini)

.rel.rodata
 *(.rel.rodata)
 *(.rel.rodata.*)
 *(.rel.gnu.linkonce.r*)

.rela.rodata
 *(.rela.rodata)
 *(.rela.rodata.*)
 *(.rela.gnu.linkonce.r*)

.rel.data
 *(.rel.data)
 *(.rel.data.*)
 *(.rel.gnu.linkonce.d*)

.rela.data
 *(.rela.data)
 *(.rela.data.*)
 *(.rela.gnu.linkonce.d*)

.rel.ctors
 *(.rel.ctors)

.rela.ctors
 *(.rela.ctors)

.rel.dtors
 *(.rel.dtors)

.rela.dtors
 *(.rela.dtors)

.rel.got
 *(.rel.got)

.rela.got
 *(.rela.got)

.rel.bss
 *(.rel.bss)

.rela.bss
 *(.rela.bss)

.rel.plt
 *(.rel.plt)

.rela.plt
 *(.rela.plt)

.text           0x000000000000c000     0x1b46
                0x000000000000c000                . = ALIGN (0x2)
 *(.init)
 *(.init0)
 .init0         0x000000000000c000        0x0 /usr/lib/gcc/msp430/4.5.3/libcrt0.a(_reset_vector__.o)
                0x000000000000c000                _reset_vector__
 *(.init1)
 *(.init2)
 .init2         0x000000000000c000        0x4 /usr/lib/gcc/msp430/4.5.3/libcrt0.a(__init_stack.o)
                0x000000000000c000                __init_stack
 *(.init3)
 .init3         0x000000000000c004        0xa /usr/lib/gcc/msp430/4.5.3/libcrt0.a(__low_level_init.o)
                0x000000000000c004                __low_level_init
 *(.init4)
 .init4         0x000000000000c00e       0x16 /usr/lib/gcc/msp430/4.5.3/libcrt0.a(_copy_data.o)
                0x000000000000c00e                __do_copy_data
 .init4         0x000000000000c024       0x14 /usr/lib/gcc/msp430/4.5.3/libcrt0.a(_clear_bss.o)
                0x000000000000c024                __do_clear_bss
 *(.init5)
 *(.init6)
 *(.init7)
 *(.init8)
 *(.init9)
 .init9         0x000000000000c038        0xa main.o
                0x000000000000c038                main
 *(.fini9)
 .fini9         0x000000000000c042        0x0 /usr/lib/gcc/msp430/4.5.3/libcrt0.a(__stop_progExec__.o)
                0x000000000000c042                __stop_progExec__
 *(.fini8)
 *(.fini7)
 *(.fini6)
 *(.fini5)
 *(.fini4)
 *(.fini3)
 *(.fini2)
 *(.fini1)
 *(.fini0)
 .fini0         0x000000000000c042        0x6 /usr/lib/gcc/msp430/4.5.3/libcrt0.a(_endless_loop__.o)
                0x000000000000c042                _endless_loop__
 *(.fini)
                0x000000000000c048                . = ALIGN (0x2)
                0x000000000000c048                __ctors_start = .
 *(.ctors)
                0x000000000000c048                __ctors_end = .
                0x000000000000c048                __dtors_start = .
 *(.dtors)
                0x000000000000c048                __dtors_end = .
                0x000000000000c048                . = ALIGN (0x2)
 *(.text)
 .text          0x000000000000c048        0x4 /usr/lib/gcc/msp430/4.5.3/crt0ivtbl16.o
                0x000000000000c048                __isr_14
                0x000000000000c048                __isr_4
                0x000000000000c048                __isr_11
                0x000000000000c048                __isr_2
                0x000000000000c048                __isr_10
                0x000000000000c048                __isr_7
                0x000000000000c048                __isr_0
                0x000000000000c048                __isr_8
                0x000000000000c048                __isr_3
                0x000000000000c048                __isr_12
                0x000000000000c048                __isr_13
                0x000000000000c048                __isr_6
                0x000000000000c048                __isr_1
 .text          0x000000000000c04c        0x0 adc.o
 .text          0x000000000000c04c       0xdc base.o
                0x000000000000c04c                delay
                0x000000000000c076                init_interrupt
 .text          0x000000000000c128      0x140 disp.o
                0x000000000000c128                lcd_clear
                0x000000000000c162                lcd_set_pixel
                0x000000000000c1a4                lcd_retangulo
                0x000000000000c226                lcd_circulo
 .text          0x000000000000c268      0x502 display.o
                0x000000000000c268                init_display
                0x000000000000c27e                stop_display
                0x000000000000c28a                itoc
                0x000000000000c2a0                pow_int
                0x000000000000c2c8                func_numero
                0x000000000000c4f2                set_display_digit
                0x000000000000c4f8                set_display_number
                0x000000000000c64e                atualizar_display
                0x000000000000c6be                CCR0_ISR
                0x000000000000c6be                __isr_9
 .text          0x000000000000c76a     0x11aa lcd.o
                0x000000000000c76a                mswait
                0x000000000000c78c                lcd_wrcmd16
                0x000000000000c9a8                lcd_wrdat16
                0x000000000000cbc8                lcd_init
                0x000000000000d5aa                lcd_wrdata
                0x000000000000d6ba                lcd_wrcmd
                0x000000000000d7c8                writeSPI
                0x000000000000d8c2                pinWrite
 .text          0x000000000000d914       0x14 main.o
                0x000000000000d914                ADC10_ISR
                0x000000000000d914                __isr_5
 .text          0x000000000000d928       0x84 ploc.o
                0x000000000000d928                ploc
 .text          0x000000000000d9ac       0x26 /usr/msp430/lib/libfp.a(fixsfsi.o)
                0x000000000000d9ac                __fixsfsi
 .text          0x000000000000d9d2       0xaa /usr/msp430/lib/libfp.a(floatsisf.o)
                0x000000000000d9d2                __floatsisf
 .text          0x000000000000da7c       0x60 /usr/msp430/lib/libfp.a(fixunssfsi.o)
                0x000000000000da7c                __fixunssfsi
 .text          0x000000000000dadc        0x0 /usr/lib/gcc/msp430/4.5.3/libgcc.a(_mulhi3.o)
 .text          0x000000000000dadc        0x0 /usr/lib/gcc/msp430/4.5.3/libgcc.a(_udivmodhi4.o)
 .text          0x000000000000dadc        0x0 /usr/lib/gcc/msp430/4.5.3/libgcc.a(_divmodhi4.o)
 .text          0x000000000000dadc        0x0 /usr/lib/gcc/msp430/4.5.3/libcrt0.a(_reset_vector__.o)
 .text          0x000000000000dadc        0x0 /usr/lib/gcc/msp430/4.5.3/libcrt0.a(__init_stack.o)
 .text          0x000000000000dadc        0x0 /usr/lib/gcc/msp430/4.5.3/libcrt0.a(__low_level_init.o)
 .text          0x000000000000dadc        0x0 /usr/lib/gcc/msp430/4.5.3/libcrt0.a(_copy_data.o)
 .text          0x000000000000dadc        0x0 /usr/lib/gcc/msp430/4.5.3/libcrt0.a(_clear_bss.o)
 .text          0x000000000000dadc        0x0 /usr/lib/gcc/msp430/4.5.3/libcrt0.a(__stop_progExec__.o)
 .text          0x000000000000dadc        0x0 /usr/lib/gcc/msp430/4.5.3/libcrt0.a(_endless_loop__.o)
 .text          0x000000000000dadc        0x0 /usr/lib/gcc/msp430/4.5.3/libcrt0.a(_unexpected_.o)
                0x000000000000dadc                . = ALIGN (0x2)
 *(.text.*)
 .text.crt0     0x000000000000dadc        0x0 /usr/lib/gcc/msp430/4.5.3/crt0ivtbl16.o
 .text.libgcc   0x000000000000dadc       0x16 /usr/lib/gcc/msp430/4.5.3/libgcc.a(_mulhi3.o)
                0x000000000000dadc                __mulhi3
 .text.libgcc   0x000000000000daf2       0x1c /usr/lib/gcc/msp430/4.5.3/libgcc.a(_udivmodhi4.o)
                0x000000000000daf2                __udivmodhi4
 .text.libgcc   0x000000000000db0e       0x36 /usr/lib/gcc/msp430/4.5.3/libgcc.a(_divmodhi4.o)
                0x000000000000db0e                __divmodhi4
 .text.crt0     0x000000000000db44        0x2 /usr/lib/gcc/msp430/4.5.3/libcrt0.a(_unexpected_.o)
                0x000000000000db44                _unexpected_
                0x000000000000db46                _etext = .

.data           0x0000000000000200        0x6 load address 0x000000000000db46
                0x0000000000000200                . = ALIGN (0x2)
                0x0000000000000200                PROVIDE (__data_start, .)
 *(.data)
 .data          0x0000000000000200        0x0 /usr/lib/gcc/msp430/4.5.3/crt0ivtbl16.o
 .data          0x0000000000000200        0x0 adc.o
 .data          0x0000000000000200        0x0 base.o
 .data          0x0000000000000200        0x2 disp.o
                0x0000000000000200                textcolor
 .data          0x0000000000000202        0x4 display.o
                0x0000000000000202                vector_display
 .data          0x0000000000000206        0x0 lcd.o
 .data          0x0000000000000206        0x0 main.o
 .data          0x0000000000000206        0x0 ploc.o
 .data          0x0000000000000206        0x0 /usr/msp430/lib/libfp.a(fixsfsi.o)
 .data          0x0000000000000206        0x0 /usr/msp430/lib/libfp.a(floatsisf.o)
 .data          0x0000000000000206        0x0 /usr/msp430/lib/libfp.a(fixunssfsi.o)
 .data          0x0000000000000206        0x0 /usr/lib/gcc/msp430/4.5.3/libgcc.a(_mulhi3.o)
 .data          0x0000000000000206        0x0 /usr/lib/gcc/msp430/4.5.3/libgcc.a(_udivmodhi4.o)
 .data          0x0000000000000206        0x0 /usr/lib/gcc/msp430/4.5.3/libgcc.a(_divmodhi4.o)
 .data          0x0000000000000206        0x0 /usr/lib/gcc/msp430/4.5.3/libcrt0.a(_reset_vector__.o)
 .data          0x0000000000000206        0x0 /usr/lib/gcc/msp430/4.5.3/libcrt0.a(__init_stack.o)
 .data          0x0000000000000206        0x0 /usr/lib/gcc/msp430/4.5.3/libcrt0.a(__low_level_init.o)
 .data          0x0000000000000206        0x0 /usr/lib/gcc/msp430/4.5.3/libcrt0.a(_copy_data.o)
 .data          0x0000000000000206        0x0 /usr/lib/gcc/msp430/4.5.3/libcrt0.a(_clear_bss.o)
 .data          0x0000000000000206        0x0 /usr/lib/gcc/msp430/4.5.3/libcrt0.a(__stop_progExec__.o)
 .data          0x0000000000000206        0x0 /usr/lib/gcc/msp430/4.5.3/libcrt0.a(_endless_loop__.o)
 .data          0x0000000000000206        0x0 /usr/lib/gcc/msp430/4.5.3/libcrt0.a(_unexpected_.o)
 *(SORT(.data.*))
                0x0000000000000206                . = ALIGN (0x2)
 *(.gnu.linkonce.d*)
                0x0000000000000206                . = ALIGN (0x2)
                0x0000000000000206                _edata = .
                0x000000000000db46                PROVIDE (__data_load_start, LOADADDR (.data))
                0x0000000000000006                PROVIDE (__data_size, SIZEOF (.data))

.bss            0x0000000000000206       0x10 load address 0x000000000000db4c
                0x0000000000000206                PROVIDE (__bss_start, .)
 *(.bss)
 .bss           0x0000000000000206        0x0 /usr/lib/gcc/msp430/4.5.3/crt0ivtbl16.o
 .bss           0x0000000000000206        0x0 adc.o
 .bss           0x0000000000000206        0x0 base.o
 .bss           0x0000000000000206        0x2 disp.o
                0x0000000000000206                backcolor
 .bss           0x0000000000000208        0x2 display.o
                0x0000000000000208                index_display
 .bss           0x000000000000020a        0x0 lcd.o
 .bss           0x000000000000020a        0x0 main.o
 .bss           0x000000000000020a        0xc ploc.o
 .bss           0x0000000000000216        0x0 /usr/msp430/lib/libfp.a(fixsfsi.o)
 .bss           0x0000000000000216        0x0 /usr/msp430/lib/libfp.a(floatsisf.o)
 .bss           0x0000000000000216        0x0 /usr/msp430/lib/libfp.a(fixunssfsi.o)
 .bss           0x0000000000000216        0x0 /usr/lib/gcc/msp430/4.5.3/libgcc.a(_mulhi3.o)
 .bss           0x0000000000000216        0x0 /usr/lib/gcc/msp430/4.5.3/libgcc.a(_udivmodhi4.o)
 .bss           0x0000000000000216        0x0 /usr/lib/gcc/msp430/4.5.3/libgcc.a(_divmodhi4.o)
 .bss           0x0000000000000216        0x0 /usr/lib/gcc/msp430/4.5.3/libcrt0.a(_reset_vector__.o)
 .bss           0x0000000000000216        0x0 /usr/lib/gcc/msp430/4.5.3/libcrt0.a(__init_stack.o)
 .bss           0x0000000000000216        0x0 /usr/lib/gcc/msp430/4.5.3/libcrt0.a(__low_level_init.o)
 .bss           0x0000000000000216        0x0 /usr/lib/gcc/msp430/4.5.3/libcrt0.a(_copy_data.o)
 .bss           0x0000000000000216        0x0 /usr/lib/gcc/msp430/4.5.3/libcrt0.a(_clear_bss.o)
 .bss           0x0000000000000216        0x0 /usr/lib/gcc/msp430/4.5.3/libcrt0.a(__stop_progExec__.o)
 .bss           0x0000000000000216        0x0 /usr/lib/gcc/msp430/4.5.3/libcrt0.a(_endless_loop__.o)
 .bss           0x0000000000000216        0x0 /usr/lib/gcc/msp430/4.5.3/libcrt0.a(_unexpected_.o)
 *(SORT(.bss.*))
 *(COMMON)
                0x0000000000000216                PROVIDE (__bss_end, .)
                0x0000000000000216                _end = .
                0x0000000000000010                PROVIDE (__bss_size, SIZEOF (.bss))

.noinit         0x0000000000000216        0x0 load address 0x000000000000db4c
                0x0000000000000216                PROVIDE (__noinit_start, .)
 *(.noinit)
 *(.noinit.*)
 *(COMMON)
                0x0000000000000216                PROVIDE (__noinit_end, .)
                0x0000000000000216                _end = .

.infomem        0x0000000000001000        0x0
 *(.infomem)
                0x0000000000001000                . = ALIGN (0x2)
 *(.infomem.*)

.vectors        0x000000000000ffe0       0x20
                0x000000000000ffe0                PROVIDE (__vectors_start, .)
 *(.vectors*)
 .vectors       0x000000000000ffe0       0x20 /usr/lib/gcc/msp430/4.5.3/crt0ivtbl16.o
                0x000000000000ffe0                __ivtbl_16
                0x0000000000010000                _vectors_end = .

.fartext        0x0000000000000000        0x0
                0x0000000000000000                . = ALIGN (0x2)
 *(.fartext)
                0x0000000000000000                . = ALIGN (0x2)
 *(.fartext.*)
                0x0000000000000000                _efartext = .

.profiler
 *(.profiler)

.stab
 *(.stab)

.stabstr
 *(.stabstr)

.stab.excl
 *(.stab.excl)

.stab.exclstr
 *(.stab.exclstr)

.stab.index
 *(.stab.index)

.stab.indexstr
 *(.stab.indexstr)

.comment
 *(.comment)

.debug
 *(.debug)

.line
 *(.line)

.debug_srcinfo
 *(.debug_srcinfo)

.debug_sfnames
 *(.debug_sfnames)

.debug_aranges  0x0000000000000000       0xf0
 *(.debug_aranges)
 .debug_aranges
                0x0000000000000000       0x14 /usr/msp430/lib/libfp.a(fixsfsi.o)
 .debug_aranges
                0x0000000000000014       0x14 /usr/msp430/lib/libfp.a(floatsisf.o)
 .debug_aranges
                0x0000000000000028       0x14 /usr/msp430/lib/libfp.a(fixunssfsi.o)
 .debug_aranges
                0x000000000000003c       0x14 /usr/lib/gcc/msp430/4.5.3/libgcc.a(_mulhi3.o)
 .debug_aranges
                0x0000000000000050       0x14 /usr/lib/gcc/msp430/4.5.3/libgcc.a(_udivmodhi4.o)
 .debug_aranges
                0x0000000000000064       0x14 /usr/lib/gcc/msp430/4.5.3/libgcc.a(_divmodhi4.o)
 .debug_aranges
                0x0000000000000078       0x14 /usr/lib/gcc/msp430/4.5.3/libcrt0.a(__init_stack.o)
 .debug_aranges
                0x000000000000008c       0x14 /usr/lib/gcc/msp430/4.5.3/libcrt0.a(__low_level_init.o)
 .debug_aranges
                0x00000000000000a0       0x14 /usr/lib/gcc/msp430/4.5.3/libcrt0.a(_copy_data.o)
 .debug_aranges
                0x00000000000000b4       0x14 /usr/lib/gcc/msp430/4.5.3/libcrt0.a(_clear_bss.o)
 .debug_aranges
                0x00000000000000c8       0x14 /usr/lib/gcc/msp430/4.5.3/libcrt0.a(_endless_loop__.o)
 .debug_aranges
                0x00000000000000dc       0x14 /usr/lib/gcc/msp430/4.5.3/libcrt0.a(_unexpected_.o)

.debug_pubnames
                0x0000000000000000       0x65
 *(.debug_pubnames)
 .debug_pubnames
                0x0000000000000000       0x20 /usr/msp430/lib/libfp.a(fixsfsi.o)
 .debug_pubnames
                0x0000000000000020       0x22 /usr/msp430/lib/libfp.a(floatsisf.o)
 .debug_pubnames
                0x0000000000000042       0x23 /usr/msp430/lib/libfp.a(fixunssfsi.o)

.debug_info     0x0000000000000000      0x8b0
 *(.debug_info)
 .debug_info    0x0000000000000000       0x50 /usr/msp430/lib/libfp.a(fixsfsi.o)
 .debug_info    0x0000000000000050       0x76 /usr/msp430/lib/libfp.a(floatsisf.o)
 .debug_info    0x00000000000000c6       0xbb /usr/msp430/lib/libfp.a(fixunssfsi.o)
 .debug_info    0x0000000000000181       0xdb /usr/lib/gcc/msp430/4.5.3/libgcc.a(_mulhi3.o)
 .debug_info    0x000000000000025c       0xdb /usr/lib/gcc/msp430/4.5.3/libgcc.a(_udivmodhi4.o)
 .debug_info    0x0000000000000337       0xdb /usr/lib/gcc/msp430/4.5.3/libgcc.a(_divmodhi4.o)
 .debug_info    0x0000000000000412       0xc5 /usr/lib/gcc/msp430/4.5.3/libcrt0.a(__init_stack.o)
 .debug_info    0x00000000000004d7       0xc5 /usr/lib/gcc/msp430/4.5.3/libcrt0.a(__low_level_init.o)
 .debug_info    0x000000000000059c       0xc5 /usr/lib/gcc/msp430/4.5.3/libcrt0.a(_copy_data.o)
 .debug_info    0x0000000000000661       0xc5 /usr/lib/gcc/msp430/4.5.3/libcrt0.a(_clear_bss.o)
 .debug_info    0x0000000000000726       0xc5 /usr/lib/gcc/msp430/4.5.3/libcrt0.a(_endless_loop__.o)
 .debug_info    0x00000000000007eb       0xc5 /usr/lib/gcc/msp430/4.5.3/libcrt0.a(_unexpected_.o)
 *(.gnu.linkonce.wi.*)

.debug_abbrev   0x0000000000000000      0x206
 *(.debug_abbrev)
 .debug_abbrev  0x0000000000000000       0x47 /usr/msp430/lib/libfp.a(fixsfsi.o)
 .debug_abbrev  0x0000000000000047       0x65 /usr/msp430/lib/libfp.a(floatsisf.o)
 .debug_abbrev  0x00000000000000ac       0xa6 /usr/msp430/lib/libfp.a(fixunssfsi.o)
 .debug_abbrev  0x0000000000000152       0x14 /usr/lib/gcc/msp430/4.5.3/libgcc.a(_mulhi3.o)
 .debug_abbrev  0x0000000000000166       0x14 /usr/lib/gcc/msp430/4.5.3/libgcc.a(_udivmodhi4.o)
 .debug_abbrev  0x000000000000017a       0x14 /usr/lib/gcc/msp430/4.5.3/libgcc.a(_divmodhi4.o)
 .debug_abbrev  0x000000000000018e       0x14 /usr/lib/gcc/msp430/4.5.3/libcrt0.a(__init_stack.o)
 .debug_abbrev  0x00000000000001a2       0x14 /usr/lib/gcc/msp430/4.5.3/libcrt0.a(__low_level_init.o)
 .debug_abbrev  0x00000000000001b6       0x14 /usr/lib/gcc/msp430/4.5.3/libcrt0.a(_copy_data.o)
 .debug_abbrev  0x00000000000001ca       0x14 /usr/lib/gcc/msp430/4.5.3/libcrt0.a(_clear_bss.o)
 .debug_abbrev  0x00000000000001de       0x14 /usr/lib/gcc/msp430/4.5.3/libcrt0.a(_endless_loop__.o)
 .debug_abbrev  0x00000000000001f2       0x14 /usr/lib/gcc/msp430/4.5.3/libcrt0.a(_unexpected_.o)

.debug_line     0x0000000000000000      0x631
 *(.debug_line)
 .debug_line    0x0000000000000000       0x44 /usr/msp430/lib/libfp.a(fixsfsi.o)
 .debug_line    0x0000000000000044       0x69 /usr/msp430/lib/libfp.a(floatsisf.o)
 .debug_line    0x00000000000000ad       0x5c /usr/msp430/lib/libfp.a(fixunssfsi.o)
 .debug_line    0x0000000000000109       0x9e /usr/lib/gcc/msp430/4.5.3/libgcc.a(_mulhi3.o)
 .debug_line    0x00000000000001a7       0xa0 /usr/lib/gcc/msp430/4.5.3/libgcc.a(_udivmodhi4.o)
 .debug_line    0x0000000000000247       0xab /usr/lib/gcc/msp430/4.5.3/libgcc.a(_divmodhi4.o)
 .debug_line    0x00000000000002f2       0x88 /usr/lib/gcc/msp430/4.5.3/libcrt0.a(__init_stack.o)
 .debug_line    0x000000000000037a       0x8a /usr/lib/gcc/msp430/4.5.3/libcrt0.a(__low_level_init.o)
 .debug_line    0x0000000000000404       0x8e /usr/lib/gcc/msp430/4.5.3/libcrt0.a(_copy_data.o)
 .debug_line    0x0000000000000492       0x8e /usr/lib/gcc/msp430/4.5.3/libcrt0.a(_clear_bss.o)
 .debug_line    0x0000000000000520       0x89 /usr/lib/gcc/msp430/4.5.3/libcrt0.a(_endless_loop__.o)
 .debug_line    0x00000000000005a9       0x88 /usr/lib/gcc/msp430/4.5.3/libcrt0.a(_unexpected_.o)

.debug_frame    0x0000000000000000       0x64
 *(.debug_frame)
 .debug_frame   0x0000000000000000       0x1e /usr/msp430/lib/libfp.a(fixsfsi.o)
 .debug_frame   0x000000000000001e       0x28 /usr/msp430/lib/libfp.a(floatsisf.o)
 .debug_frame   0x0000000000000046       0x1e /usr/msp430/lib/libfp.a(fixunssfsi.o)

.debug_str      0x0000000000000000       0xb8
 *(.debug_str)
 .debug_str     0x0000000000000000       0x57 /usr/msp430/lib/libfp.a(fixsfsi.o)
 .debug_str     0x0000000000000057       0x2e /usr/msp430/lib/libfp.a(floatsisf.o)
                                         0x6a (size before relaxing)
 .debug_str     0x0000000000000085       0x33 /usr/msp430/lib/libfp.a(fixunssfsi.o)
                                         0x6f (size before relaxing)

.debug_loc      0x0000000000000000      0x164
 *(.debug_loc)
 .debug_loc     0x0000000000000000       0x1c /usr/msp430/lib/libfp.a(fixsfsi.o)
 .debug_loc     0x000000000000001c       0xc4 /usr/msp430/lib/libfp.a(floatsisf.o)
 .debug_loc     0x00000000000000e0       0x84 /usr/msp430/lib/libfp.a(fixunssfsi.o)

.debug_macinfo
 *(.debug_macinfo)

.debug_pubtypes
 *(.debug_pubtypes)

.debug_ranges
 *(.debug_ranges)
                0x0000000000000400                PROVIDE (__stack, (ORIGIN (ram) + 0x200))
                0x000000000000db46                PROVIDE (__data_start_rom, _etext)
                0x000000000000db4c                PROVIDE (__data_end_rom, (_etext + SIZEOF (.data)))
                0x000000000000db4c                PROVIDE (__noinit_start_rom, (_etext + SIZEOF (.data)))
                0x000000000000db4c                PROVIDE (__noinit_end_rom, ((_etext + SIZEOF (.data)) + SIZEOF (.noinit)))
OUTPUT(prog.elf elf32-msp430)
